// Jest Snapshot v1, https://goo.gl/fbAQLP

exports[`matches snapshot 1`] = `
<DocumentFragment>
  <div
    class="Home"
  >
    <h1>
      Welcome to FitNessy!
    </h1>
    <h2>
      The easiest way to track your workouts.
    </h2>
  </div>
</DocumentFragment>
`;

exports[`matches snapshot when logged out 1`] = `
<DocumentFragment>
  <div
    class="Home"
  >
    <h1>
      Welcome to FitNessy!
    </h1>
    <h2>
      The easiest way to track your workouts.
    </h2>
  </div>
</DocumentFragment>
`;
