// Jest Snapshot v1, https://goo.gl/fbAQLP

exports[`matches snapshot 1`] = `
<DocumentFragment>
  <div>
    Nothing here! Error 404.
  </div>
</DocumentFragment>
`;
